// Jest Snapshot v1, https://goo.gl/fbAQLP

exports[`GoingHome renders list of bus stops properly according to snapshot 1`] = `
<RCTScrollView
  refreshControl={
    <RefreshControlMock
      onRefresh={[Function]}
      refreshing={false}
    />
  }
>
  <RCTRefreshControl />
  <View>
    <View>
      <View
        accessibilityValue={
          {
            "max": undefined,
            "min": undefined,
            "now": undefined,
            "text": undefined,
          }
        }
        accessible={true}
        focusable={true}
        onClick={[Function]}
        onResponderGrant={[Function]}
        onResponderMove={[Function]}
        onResponderRelease={[Function]}
        onResponderTerminate={[Function]}
        onResponderTerminationRequest={[Function]}
        onStartShouldSetResponder={[Function]}
      >
        <View
          style={
            {
              "alignItems": "center",
              "backgroundColor": "#fcd5ce",
              "borderBottomWidth": 0.5,
              "borderColor": "#bcbbc1",
              "borderTopWidth": 0.5,
              "flexDirection": "row",
              "padding": 14,
            }
          }
          testID="padView"
        >
          <View
            style={
              {
                "overflow": "hidden",
              }
            }
          >
            <View>
              <View
                style={
                  {
                    "alignItems": "center",
                    "backgroundColor": "transparent",
                    "justifyContent": "center",
                  }
                }
              >
                <Text />
              </View>
            </View>
          </View>
          <View
            style={
              {
                "paddingLeft": 16,
              }
            }
          />
          <View
            style={
              [
                {
                  "alignItems": "flex-start",
                  "flex": 1,
                  "justifyContent": "center",
                },
                undefined,
              ]
            }
            theme={
              {
                "colors": {
                  "black": "#242424",
                  "disabled": "hsl(208, 8%, 90%)",
                  "divider": "#bcbbc1",
                  "error": "#ff190c",
                  "grey0": "#393e42",
                  "grey1": "#43484d",
                  "grey2": "#5e6977",
                  "grey3": "#86939e",
                  "grey4": "#bdc6cf",
                  "grey5": "#e1e8ee",
                  "greyOutline": "#bbb",
                  "platform": {
                    "android": {
                      "error": "#f44336",
                      "grey": "rgba(0, 0, 0, 0.54)",
                      "primary": "#2196f3",
                      "searchBg": "#dcdce1",
                      "secondary": "#9C27B0",
                      "success": "#4caf50",
                      "warning": "#ffeb3b",
                    },
                    "default": {
                      "error": "#ff3b30",
                      "grey": "#7d7d7d",
                      "primary": "#007aff",
                      "searchBg": "#dcdce1",
                      "secondary": "#5856d6",
                      "success": "#4cd964",
                      "warning": "#ffcc00",
                    },
                    "ios": {
                      "error": "#ff3b30",
                      "grey": "#7d7d7d",
                      "primary": "#007aff",
                      "searchBg": "#dcdce1",
                      "secondary": "#5856d6",
                      "success": "#4cd964",
                      "warning": "#ffcc00",
                    },
                    "web": {
                      "error": "#ff190c",
                      "grey": "#393e42",
                      "primary": "#2089dc",
                      "searchBg": "#303337",
                      "secondary": "#ca71eb",
                      "success": "#52c41a",
                      "warning": "#faad14",
                    },
                  },
                  "primary": "#2089dc",
                  "searchBg": "#303337",
                  "secondary": "#ca71eb",
                  "success": "#52c41a",
                  "warning": "#faad14",
                  "white": "#ffffff",
                },
              }
            }
          >
            <Text
              style={
                {
                  "backgroundColor": "transparent",
                  "color": "#242424",
                  "fontSize": 17,
                }
              }
              testID="listItemTitle"
            >
              <Text
                style={
                  {
                    "color": "#03071E",
                  }
                }
              >
                No Bus Stop Name provided
              </Text>
            </Text>
            <Text
              style={
                {
                  "backgroundColor": "transparent",
                  "color": "#242424",
                  "fontSize": 15,
                }
              }
              testID="listItemTitle"
            >
              <Text
                style={
                  {
                    "color": "#414833",
                  }
                }
              >
                No Address provided
                 
                (
                44221
                )
              </Text>
            </Text>
          </View>
          <View
            style={
              {
                "paddingLeft": 16,
              }
            }
          />
          <View
            accessibilityState={
              {
                "busy": undefined,
                "checked": undefined,
                "disabled": undefined,
                "expanded": undefined,
                "selected": undefined,
              }
            }
            accessibilityValue={
              {
                "max": undefined,
                "min": undefined,
                "now": undefined,
                "text": undefined,
              }
            }
            accessible={true}
            collapsable={false}
            focusable={true}
            onBlur={[Function]}
            onClick={[Function]}
            onFocus={[Function]}
            onResponderGrant={[Function]}
            onResponderMove={[Function]}
            onResponderRelease={[Function]}
            onResponderTerminate={[Function]}
            onResponderTerminationRequest={[Function]}
            onStartShouldSetResponder={[Function]}
          >
            <View>
              <View
                style={
                  {
                    "overflow": "hidden",
                  }
                }
              >
                <View>
                  <View
                    style={
                      {
                        "alignItems": "center",
                        "backgroundColor": "transparent",
                        "justifyContent": "center",
                      }
                    }
                  >
                    <Text />
                  </View>
                </View>
              </View>
              <Modal
                hardwareAccelerated={false}
                onRequestClose={[Function]}
                theme={
                  {
                    "colors": {
                      "black": "#242424",
                      "disabled": "hsl(208, 8%, 90%)",
                      "divider": "#bcbbc1",
                      "error": "#ff190c",
                      "grey0": "#393e42",
                      "grey1": "#43484d",
                      "grey2": "#5e6977",
                      "grey3": "#86939e",
                      "grey4": "#bdc6cf",
                      "grey5": "#e1e8ee",
                      "greyOutline": "#bbb",
                      "platform": {
                        "android": {
                          "error": "#f44336",
                          "grey": "rgba(0, 0, 0, 0.54)",
                          "primary": "#2196f3",
                          "searchBg": "#dcdce1",
                          "secondary": "#9C27B0",
                          "success": "#4caf50",
                          "warning": "#ffeb3b",
                        },
                        "default": {
                          "error": "#ff3b30",
                          "grey": "#7d7d7d",
                          "primary": "#007aff",
                          "searchBg": "#dcdce1",
                          "secondary": "#5856d6",
                          "success": "#4cd964",
                          "warning": "#ffcc00",
                        },
                        "ios": {
                          "error": "#ff3b30",
                          "grey": "#7d7d7d",
                          "primary": "#007aff",
                          "searchBg": "#dcdce1",
                          "secondary": "#5856d6",
                          "success": "#4cd964",
                          "warning": "#ffcc00",
                        },
                        "web": {
                          "error": "#ff190c",
                          "grey": "#393e42",
                          "primary": "#2089dc",
                          "searchBg": "#303337",
                          "secondary": "#ca71eb",
                          "success": "#52c41a",
                          "warning": "#faad14",
                        },
                      },
                      "primary": "#2089dc",
                      "searchBg": "#303337",
                      "secondary": "#ca71eb",
                      "success": "#52c41a",
                      "warning": "#faad14",
                      "white": "#ffffff",
                    },
                  }
                }
                transparent={true}
                visible={false}
              />
            </View>
          </View>
        </View>
      </View>
      <View
        collapsable={false}
        pointerEvents="none"
        style={
          {
            "height": 0,
            "overflow": "hidden",
          }
        }
      >
        <View
          collapsable={false}
          forwardedRef={[Function]}
          onLayout={[Function]}
          style={{}}
        >
          <Text>
            No Data
          </Text>
        </View>
      </View>
    </View>
  </View>
</RCTScrollView>
`;

exports[`GoingHome renders properly according to snapshot 1`] = `
<RCTScrollView
  refreshControl={
    <RefreshControlMock
      onRefresh={[Function]}
      refreshing={false}
    />
  }
>
  <RCTRefreshControl />
  <View />
</RCTScrollView>
`;
